2026-09-13 17:15:14 {"dst": "DM3KS-12", "firmware": "4.35", "fw_sub": "t", "msg": "Hm die sind doch eigentlich gar nicht so schlecht{060", "msg_id": "690F603C", "rssi": 0, "snr": 0, "src": "DO2QG-1", "src_type": "node", "type": "msg"}
2026-09-13 17:15:19 {"dst": "DO2QG-1", "firmware": 35, "fw_sub": "t", "msg": "DO2QG-1  :ack060", "msg_id": "2EFB03BF", "rssi": 0, "snr": 0, "src": "DM3KS-12", "src_type": "udp", "type": "msg"}
2026-09-13 17:15:27 {"dst": "DO2QG-1", "firmware": 35, "fw_sub": "t", "msg": "ja, das sagt irgendwie jeder{960", "msg_id": "2EFB03C0", "rssi": 0, "snr": 0, "src": "DM3KS-12", "src_type": "udp", "type": "msg"}
2026-09-13 17:15:47 {"dst": "*", "firmware": 0, "fw_sub": "#", "msg": "{CET}2026-09-13 15:15:45", "msg_id": "6A9F6FE6", "rssi": 0, "snr": 0, "src": "OE1XAR-33", "src_type": "udp", "type": "msg"}
2026-09-13 17:16:21 {"dst": "DM3KS-12", "firmware": "4.35", "fw_sub": "t", "msg": "hihi Ja du wurdest eines besseren belehrt 😊 so ein mist{062", "msg_id": "690F603E", "rssi": 0, "snr": 0, "src": "DO2QG-1", "src_type": "node", "type": "msg"}
2026-09-13 17:16:25 {"dst": "DO2QG-1", "firmware": 35, "fw_sub": "t", "msg": "DO2QG-1  :ack062", "msg_id": "2EFB03C1", "rssi": 0, "snr": 0, "src": "DM3KS-12", "src_type": "udp", "type": "msg"}
2026-09-13 17:16:31 {"dst": "DO2QG-1", "firmware": 35, "fw_sub": "t", "msg": "nur ist es diesmal ein Getriebethema, meldet Getriebenotlauf, kein Rückwärtsgang möglich{962", "msg_id": "2EFB03C2", "rssi": 0, "snr": 0, "src": "DM3KS-12", "src_type": "udp", "type": "msg"}
2026-09-13 17:16:41 {"dst": "DO2QG-1", "firmware": 35, "fw_sub": "t", "msg": "und dann überspringt er alle geraden Gänge{963", "msg_id": "2EFB03C3", "rssi": 0, "snr": 0, "src": "DM3KS-12", "src_type": "udp", "type": "msg"}
2026-09-13 17:16:50 {"dst": "DO2QG-1", "firmware": 35, "fw_sub": "t", "msg": "das ist sehr übel{964", "msg_id": "2EFB03C4", "rssi": 0, "snr": 0, "src": "DM3KS-12", "src_type": "udp", "type": "msg"}
2026-09-13 17:17:13 {"dst": "DM3KS-12", "firmware": "4.35", "fw_sub": "t", "msg": "Wie alt ist der Wagen jetzt{066", "msg_id": "690F6042", "rssi": 0, "snr": 0, "src": "DO2QG-1", "src_type": "node", "type": "msg"}
2026-09-13 17:17:17 {"dst": "DO2QG-1", "firmware": 35, "fw_sub": "t", "msg": "DO2QG-1  :ack066", "msg_id": "2EFB03C5", "rssi": 0, "snr": 0, "src": "DM3KS-12", "src_type": "udp", "type": "msg"}
2026-09-13 17:17:27 {"dst": "*", "firmware": 35, "fw_sub": "t", "msg": "andere frage: was bedeutet das wolke- symbol ohne Haken?", "msg_id": "423F308F", "rssi": 0, "snr": 0, "src": "OE1OGU-1", "src_type": "udp", "type": "msg"}
2026-09-13 17:18:24 {"dst": "262", "firmware": 35, "fw_sub": "t", "msg": "Abend WX 🇩🇪 BY-RO | 🏡 Hohenthann 🧭JN57XX | 🕚17:10 ⛅ 🌡️22,3°C 💧49,2% 🔵1022,1hPa → 💨0 km/h 🌧️0,0mm | 73 de DO7GH", "msg_id": "B581D3B1", "rssi": 0, "snr": 0, "src": "DO7GH-1", "src_type": "udp", "type": "msg"}
2026-09-13 17:18:28 {"dst": "DO2QG-1", "firmware": 35, "fw_sub": "t", "msg": "Bj. 09/19{966", "msg_id": "2EFB03C6", "rssi": 0, "snr": 0, "src": "DM3KS-12", "src_type": "udp", "type": "msg"}
2026-09-13 17:18:56 {"dst": "DM3KS-12", "firmware": "4.35", "fw_sub": "t", "msg": "Ja ist ja noch nicht das meiste{068", "msg_id": "690F6044", "rssi": 0, "snr": 0, "src": "DO2QG-1", "src_type": "node", "type": "msg"}
2026-09-13 17:19:00 {"dst": "DO2QG-1", "firmware": 35, "fw_sub": "t", "msg": "DO2QG-1  :ack068", "msg_id": "2EFB03C7", "rssi": 0, "snr": 0, "src": "DM3KS-12", "src_type": "udp", "type": "msg"}
2026-09-13 17:19:28 {"dst": "DO2QG-1", "firmware": 35, "fw_sub": "t", "msg": "joa, da sollte man meinen, die Kinderkrankheiten seien rum{968", "msg_id": "2EFB03C8", "rssi": 0, "snr": 0, "src": "DM3KS-12", "src_type": "udp", "type": "msg"}
2026-09-13 17:19:52 {"dst": "DM3KS-12", "firmware": "4.35", "fw_sub": "t", "msg": "sollte eigentlich zuverlässiger sein in dem Alter{070", "msg_id": "690F6046", "rssi": 0, "snr": 0, "src": "DO2QG-1", "src_type": "node", "type": "msg"}
2026-09-13 17:19:56 {"alt": 705, "aprs_symbol": "-", "aprs_symbol_group": "/", "batt": 73, "firmware": 35, "fw_sub": "p", "hw_id": 43, "lat": 51.4466, "lat_dir": "N", "long": 7.3991, "long_dir": "E", "msg": "", "msg_id": "69128011", "rssi": -95, "snr": 5, "src": "DB2TE-12,DM0DOS-11,DL1YAU-12", "src_type": "lora", "type": "pos"}
2026-09-13 17:19:56 {"batt": 73, "co2": 0, "gas": 0, "hum": 0, "pressure_alt": 0, "qfe": 0, "qnh": 0, "src": "DB2TE-12,DM0DOS-11,DL1YAU-12", "src_type": "lora", "temp1": 0, "temp2": 0, "type": "tele"}
2026-09-13 17:19:57 {"dst": "DO2QG-1", "firmware": 35, "fw_sub": "t", "msg": "DO2QG-1  :ack070", "msg_id": "2EFB03C9", "rssi": 0, "snr": 0, "src": "DM3KS-12", "src_type": "udp", "type": "msg"}
2026-09-13 17:20:35 {"dst": "DM3KS-12", "firmware": "4.35", "fw_sub": "t", "msg": "naja ich drücke dir die Daumen{071", "msg_id": "690F6047", "rssi": 0, "snr": 0, "src": "DO2QG-1", "src_type": "node", "type": "msg"}
2026-09-13 17:20:35 {"dst": "DO2QG-1", "firmware": 35, "fw_sub": "t", "msg": "beste is. Werkstattmeister meinte, bei dem könne man kein Getriebeölwechsel machen. Das Seat-Board sagt was anderes{970", "msg_id": "2EFB03CA", "rssi": 0, "snr": 0, "src": "DM3KS-12", "src_type": "udp", "type": "msg"}
2026-09-13 17:20:44 {"dst": "DO2QG-1", "firmware": 35, "fw_sub": "t", "msg": "DO2QG-1  :ack071", "msg_id": "2EFB03CB", "rssi": 0, "snr": 0, "src": "DM3KS-12", "src_type": "udp", "type": "msg"}
2026-09-13 17:20:55 {"dst": "DO2QG-1", "firmware": 35, "fw_sub": "t", "msg": "Meine XYL hat mit nem Nissan schon nen Getriebeschaden hinter sich. Sind da bissel vorgeprägt{972", "msg_id": "2EFB03CC", "rssi": 0, "snr": 0, "src": "DM3KS-12", "src_type": "udp", "type": "msg"}
2026-09-13 17:21:10 {"dst": "DO2QG-1", "firmware": 35, "fw_sub": "t", "msg": "danke dir{973", "msg_id": "2EFB03CD", "rssi": 0, "snr": 0, "src": "DM3KS-12", "src_type": "udp", "type": "msg"}
2026-09-13 17:21:46 {"dst": "DM3KS-12", "firmware": "4.35", "fw_sub": "t", "msg": "ja das kann ich verstehen, gebranntes Kind scheut das Feuer{075", "msg_id": "690F604B", "rssi": 0, "snr": 0, "src": "DO2QG-1", "src_type": "node", "type": "msg"}
2026-09-13 17:21:50 {"dst": "DO2QG-1", "firmware": 35, "fw_sub": "t", "msg": "DO2QG-1  :ack075", "msg_id": "2EFB03CE", "rssi": 0, "snr": 0, "src": "DM3KS-12", "src_type": "udp", "type": "msg"}
2026-09-13 17:21:56 {"dst": "DO2QG-1", "firmware": 35, "fw_sub": "t", "msg": "und dann wird es der Seat Ateca und der meldet heute Getriebenotlauf. Da kannste dir vorstellen wie die geguckt hat!{975", "msg_id": "2EFB03CF", "rssi": 0, "snr": 0, "src": "DM3KS-12", "src_type": "udp", "type": "msg"}
2026-09-13 17:22:29 {"dst": "DM3KS-12", "firmware": "4.35", "fw_sub": "t", "msg": "Ja oh man{077", "msg_id": "690F604D", "rssi": 0, "snr": 0, "src": "DO2QG-1", "src_type": "node", "type": "msg"}
2026-09-13 17:22:34 {"dst": "DO2QG-1", "firmware": 35, "fw_sub": "t", "msg": "DO2QG-1  :ack077", "msg_id": "2EFB03D0", "rssi": 0, "snr": 0, "src": "DM3KS-12", "src_type": "udp", "type": "msg"}
2026-09-13 17:22:48 {"dst": "*", "firmware": 35, "fw_sub": "t", "msg": "Ein iGate hat die Nachricht ins Internet weitergeleitet", "msg_id": "5E71BEAC", "rssi": 0, "snr": 0, "src": "HB9VQQ-1", "src_type": "udp", "type": "msg"}
2026-09-13 17:23:04 {"dst": "DM3KS-12", "firmware": "4.35", "fw_sub": "t", "msg": "ach Happy Meshday{078", "msg_id": "690F604E", "rssi": 0, "snr": 0, "src": "DO2QG-1", "src_type": "node", "type": "msg"}
2026-09-13 17:23:08 {"dst": "DO2QG-1", "firmware": 35, "fw_sub": "t", "msg": "DO2QG-1  :ack078", "msg_id": "2EFB03D2", "rssi": 0, "snr": 0, "src": "DM3KS-12", "src_type": "udp", "type": "msg"}
2026-09-13 17:23:09 {"dst": "DO2QG-1", "firmware": 35, "fw_sub": "t", "msg": "Ausschalten/Einschalten geht dann ne Weile, aber Motorkontrollleuchte bleibt nu auch an. Von daher vierte Runde{979", "msg_id": "2EFB03D3", "rssi": 0, "snr": 0, "src": "DM3KS-12", "src_type": "udp", "type": "msg"}
2026-09-13 17:23:25 {"dst": "DO2QG-1", "firmware": 35, "fw_sub": "t", "msg": "hihi danke, dir auch frohen Meshday {980", "msg_id": "2EFB03D4", "rssi": 0, "snr": 0, "src": "DM3KS-12", "src_type": "udp", "type": "msg"}
2026-09-13 17:23:41 {"dst": "*", "firmware": 35, "fw_sub": "t", "msg": "@HB9VQQ-1 danke!", "msg_id": "423F3091", "rssi": 0, "snr": 0, "src": "OE1OGU-1", "src_type": "udp", "type": "msg"}
2026-09-13 17:24:14 {"dst": "DM3KS-12", "firmware": "4.35", "fw_sub": "t", "msg": "ja wird schon wieder, hast du auch eine Qsl  karte bekommen vom Meshday{081", "msg_id": "690F6051", "rssi": 0, "snr": 0, "src": "DO2QG-1", "src_type": "node", "type": "msg"}
2026-09-13 17:24:18 {"dst": "DO2QG-1", "firmware": 35, "fw_sub": "t", "msg": "DO2QG-1  :ack081", "msg_id": "2EFB03D5", "rssi": 0, "snr": 0, "src": "DM3KS-12", "src_type": "udp", "type": "msg"}
2026-09-13 17:24:59 {"dst": "DO2QG-1", "firmware": 35, "fw_sub": "t", "msg": "ja klar, direkt per PN. Über Büro wäre auch interessant, da kam aber noch nix{982", "msg_id": "2EFB03D6", "rssi": 0, "snr": 0, "src": "DM3KS-12", "src_type": "udp", "type": "msg"}
2026-09-13 17:25:26 {"dst": "DO2QG-1", "firmware": 35, "fw_sub": "t", "msg": "wobei das auch bei unserm QSL-Manager noch in der queue hängen könnte ;-){983", "msg_id": "2EFB03D7", "rssi": 0, "snr": 0, "src": "DM3KS-12", "src_type": "udp", "type": "msg"}
2026-09-13 17:25:40 {"dst": "DM3KS-12", "firmware": "4.35", "fw_sub": "t", "msg": "Ja ist schon eine tolle sache mit dem Meshday{084", "msg_id": "690F6054", "rssi": 0, "snr": 0, "src": "DO2QG-1", "src_type": "node", "type": "msg"}
2026-09-13 17:25:44 {"dst": "DO2QG-1", "firmware": 35, "fw_sub": "t", "msg": "DO2QG-1  :ack084", "msg_id": "2EFB03D8", "rssi": 0, "snr": 0, "src": "DM3KS-12", "src_type": "udp", "type": "msg"}
2026-09-13 17:25:53 {"dst": "*", "firmware": 0, "fw_sub": "#", "msg": "{CET}2026-09-13 15:25:53", "msg_id": "6A9F6FE7", "rssi": 0, "snr": 0, "src": "OE1XAR-33", "src_type": "udp", "type": "msg"}
2026-09-13 17:25:57 {"dst": "DO2QG-1", "firmware": 35, "fw_sub": "t", "msg": "ja absolut{985", "msg_id": "2EFB03D9", "rssi": 0, "snr": 0, "src": "DM3KS-12", "src_type": "udp", "type": "msg"}
2026-09-13 17:26:15 {"alt": 906, "aprs_symbol": "-", "aprs_symbol_group": "/", "batt": 100, "firmware": "4.35", "fw_sub": "t", "hw_id": 43, "lat": 51.7383, "lat_dir": "N", "long": 9.0196, "long_dir": "E", "msg": "", "msg_id": "690F6056", "rssi": 0, "snr": 0, "src": "DO2QG-1", "src_type": "node", "type": "pos"}
2026-09-13 17:26:15 {"co2": 0, "gas": 0, "hum": 62.10938, "qfe": 994.55, "qnh": 1027.052, "src": "DO2QG-1", "src_type": "node", "temp1": 19.85, "temp2": 0, "type": "tele"}
2026-09-13 17:26:51 {"dst": "DO2QG-1", "firmware": 35, "fw_sub": "t", "msg": "hihi, ich sehe über HF noch die NAchrichtenechos. Die rennen noch ne Weile ;-){986", "msg_id": "2EFB03DA", "rssi": 0, "snr": 0, "src": "DM3KS-12", "src_type": "udp", "type": "msg"}
2026-09-13 17:27:14 {"dst": "DM3KS-12", "firmware": "4.35", "fw_sub": "t", "msg": "ich lade mal kurz die neue MeshCom-Guru Version auf Github hoch, bist du danach noch hier{088", "msg_id": "690F6058", "rssi": 0, "snr": 0, "src": "DO2QG-1", "src_type": "node", "type": "msg"}
2026-09-13 17:27:19 {"dst": "DO2QG-1", "firmware": 35, "fw_sub": "t", "msg": "DO2QG-1  :ack088", "msg_id": "2EFB03DB", "rssi": 0, "snr": 0, "src": "DM3KS-12", "src_type": "udp", "type": "msg"}
2026-09-13 17:27:32 {"dst": "DO2QG-1", "firmware": 35, "fw_sub": "t", "msg": "ich bin noch ne Weile QRV{988", "msg_id": "2EFB03DC", "rssi": 0, "snr": 0, "src": "DM3KS-12", "src_type": "udp", "type": "msg"}
2026-09-13 17:27:49 {"dst": "DM3KS-12", "firmware": "4.35", "fw_sub": "t", "msg": "ok bis später 73{090", "msg_id": "690F605A", "rssi": 0, "snr": 0, "src": "DO2QG-1", "src_type": "node", "type": "msg"}
2026-09-13 17:27:50 {"alt": 1155, "aprs_symbol": "_", "aprs_symbol_group": "/", "batt": 100, "firmware": 35, "fw_sub": "p", "hw_id": 3, "lat": 51.7688, "lat_dir": "N", "long": 9.0795, "long_dir": "E", "msg": "", "msg_id": "4F9863DD", "rssi": -96, "snr": 3, "src": "DL1YAU-12", "src_type": "lora", "type": "pos"}
2026-09-13 17:27:50 {"batt": 100, "co2": 0, "gas": 0, "hum": 100, "pressure_alt": 0, "qfe": 979.2, "qnh": 1020.8, "src": "DL1YAU-12", "src_type": "lora", "temp1": 16.4, "temp2": 0, "type": "tele"}
2026-09-13 17:27:53 {"dst": "DO2QG-1", "firmware": 35, "fw_sub": "t", "msg": "DO2QG-1  :ack090", "msg_id": "2EFB03DD", "rssi": 0, "snr": 0, "src": "DM3KS-12", "src_type": "udp", "type": "msg"}
2026-09-13 17:28:05 {"dst": "DO2QG-1", "firmware": 35, "fw_sub": "t", "msg": "bin mit dem Webdesk zufrieden. Das läuft ja immer im Grunde{990", "msg_id": "2EFB03DE", "rssi": 0, "snr": 0, "src": "DM3KS-12", "src_type": "udp", "type": "msg"}
2026-09-13 17:29:20 {"dst": "DM3KS-12", "firmware": "4.35", "fw_sub": "t", "msg": "Ja mein Programm ist noch nicht ganz Bug frei,aber man kann schon gut mit arbeiten{092", "msg_id": "690F605C", "rssi": 0, "snr": 0, "src": "DO2QG-1", "src_type": "node", "type": "msg"}
2026-09-13 17:29:35 {"dst": "*", "firmware": 35, "fw_sub": "t", "msg": "Winlink Verbindung nach Santa Domingo - 20m Band -  https://www.youtube.com/watch?v=0YHJN1RaQxY", "msg_id": "5E71BEAE", "rssi": 0, "snr": 0, "src": "HB9VQQ-1", "src_type": "udp", "type": "msg"}
2026-09-13 17:31:51 {"dst": "DM3KS-12", "firmware": "4.35", "fw_sub": "t", "msg": "Webdesk ist auf jeden Fall noch besser, Betonung auf noch hi 😁{093", "msg_id": "690F605D", "rssi": 0, "snr": 0, "src": "DO2QG-1", "src_type": "node", "type": "msg"}
2026-09-13 17:31:55 {"dst": "DO2QG-1", "firmware": 35, "fw_sub": "t", "msg": "DO2QG-1  :ack093", "msg_id": "2EFB03E0", "rssi": 0, "snr": 0, "src": "DM3KS-12", "src_type": "udp", "type": "msg"}
2026-09-13 17:32:25 {"dst": "DO2QG-1", "firmware": 35, "fw_sub": "t", "msg": "ahja, habe deine Intension verstanden ;-){993", "msg_id": "2EFB03E1", "rssi": 0, "snr": 0, "src": "DM3KS-12", "src_type": "udp", "type": "msg"}
2026-09-13 17:33:43 {"dst": "DM3KS-12", "firmware": "4.35", "fw_sub": "t", "msg": "Nur Spaß, ich werde wohl erstmal nicht mehr viel einbauen, jetzt erstmal bugfix und Optik verbessern{095", "msg_id": "690F605F", "rssi": 0, "snr": 0, "src": "DO2QG-1", "src_type": "node", "type": "msg"}
2026-09-13 17:33:47 {"dst": "DO2QG-1", "firmware": 35, "fw_sub": "t", "msg": "DO2QG-1  :ack095", "msg_id": "2EFB03E2", "rssi": 0, "snr": 0, "src": "DM3KS-12", "src_type": "udp", "type": "msg"}
2026-09-13 17:34:25 {"dst": "*", "firmware": 35, "fw_sub": "t", "msg": "happy meshday", "msg_id": "3543A013", "rssi": 0, "snr": 0, "src": "DN6TU-8", "src_type": "udp", "type": "msg"}
2026-09-13 17:34:40 {"dst": "DO2QG-1", "firmware": 35, "fw_sub": "t", "msg": "ja klar, eins nach dem anderen{996", "msg_id": "2EFB03E4", "rssi": 0, "snr": 0, "src": "DM3KS-12", "src_type": "udp", "type": "msg"}
2026-09-13 17:35:23 {"dst": "DM3KS-12", "firmware": "4.35", "fw_sub": "t", "msg": "ok ich fange mal an das hoch zu laden, lasse den chat hier auf{097", "msg_id": "690F6061", "rssi": 0, "snr": 0, "src": "DO2QG-1", "src_type": "node", "type": "msg"}
2026-09-13 17:35:31 {"dst": "DJ8MEH-82", "firmware": 35, "fw_sub": "t", "msg": "DJ8MEH-82:ack576", "msg_id": "A2659107", "rssi": -96, "snr": 5, "src": "DB0SEP-12,DB0OHL-12,DM0DOS-11,DL1YAU-12", "src_type": "lora", "type": "msg"}
2026-09-13 17:36:00 {"dst": "*", "firmware": 0, "fw_sub": "#", "msg": "{CET}2026-09-13 15:36:00", "msg_id": "6A9F6FEB", "rssi": 0, "snr": 0, "src": "OE1XAR-33", "src_type": "udp", "type": "msg"}
2026-09-13 17:36:30 {"dst": "262", "firmware": 35, "fw_sub": "s", "msg": "Einen Schönen Guten Sonntag Abend zum Meshday der bald vorbei geht", "msg_id": "6937514A", "rssi": 0, "snr": 0, "src": "DO5NE-1", "src_type": "udp", "type": "msg"}
2026-09-13 17:37:24 {"dst": "262", "firmware": "4.35", "fw_sub": "t", "msg": "Den wünscheich dir auch 73 de Andreas", "msg_id": "690F6062", "rssi": 0, "snr": 0, "src": "DO2QG-1", "src_type": "node", "type": "msg"}
2026-09-13 17:39:16 {"dst": "DO2QG-1", "firmware": 35, "fw_sub": "t", "msg": "läuft das auf auf ARM-Architektur respektive RaspberryPI ?{001", "msg_id": "2EFB0001", "rssi": 0, "snr": 0, "src": "DM3KS-12", "src_type": "udp", "type": "msg"}
